U-Boot 2018.01 (Jan 14 2020 - 12:47:48 -0800) Allwinner Technology

CPU:   Allwinner F Series (SUNIV)
Model: Lichee Pi Nano
DRAM:  32 MiB
MMC:   SUNXI SD/MMC: 0
*** Warning - bad CRC, using default environment

In:    serial@1c25000
Out:   serial@1c25000
Err:   serial@1c25000
Net:   No ethernet found.
starting USB...
No controllers found
Hit any key to stop autoboot:  0 
switch to partitions #0, OK
mmc0 is current device
Scanning mmc 0:1...
Found U-Boot script /boot.scr
reading /boot.scr
280 bytes read in 15 ms (17.6 KiB/s)
## Executing script at 80c50000
reading suniv-f1c100s-licheepi-nano.dtb
7210 bytes read in 26 ms (270.5 KiB/s)
reading zImage
2080032 bytes read in 127 ms (15.6 MiB/s)
## Flattened Device Tree blob at 80c00000
   Booting using the fdt blob at 0x80c00000
   Loading Device Tree to 816fb000, end 816ffc29 ... OK

Starting kernel ...

[    0.000000] Booting Linux on physical CPU 0x0
[    0.000000] Linux version 5.2.4 (connor@connor-mini-pc) (gcc version 8.3.0 (crosstool-NG 1.24.0-rc3)) #1 Tue Jan 14 15:18:53 PST 2020
[    0.000000] CPU: ARM926EJ-S [41069265] revision 5 (ARMv5TEJ), cr=0005317f
[    0.000000] CPU: VIVT data cache, VIVT instruction cache
[    0.000000] OF: fdt: Machine model: Lichee Pi Nano
[    0.000000] Memory policy: Data cache writeback
[    0.000000] Built 1 zonelists, mobility grouping on.  Total pages: 8128
[    0.000000] Kernel command line: console=tty0 console=ttyS0,115200 panic=5 rootwait root=/dev/mmcblk0p2 rw
[    0.000000] Dentry cache hash table entries: 4096 (order: 2, 16384 bytes)
[    0.000000] Inode-cache hash table entries: 2048 (order: 1, 8192 bytes)
[    0.000000] Memory: 26036K/32768K available (4096K kernel code, 138K rwdata, 384K rodata, 1024K init, 66K bss, 6732K reserved, 0K cma-reserved)
[    0.000000] NR_IRQS: 16, nr_irqs: 16, preallocated irqs: 16
[    0.000000] random: get_random_bytes called from 0xc0600a94 with crng_init=0
[    0.000050] sched_clock: 32 bits at 24MHz, resolution 41ns, wraps every 89478484971ns
[    0.000121] clocksource: timer: mask: 0xffffffff max_cycles: 0xffffffff, max_idle_ns: 79635851949 ns
[    0.000654] Console: colour dummy device 80x30
[    0.001382] printk: console [tty0] enabled
[    0.001523] Calibrating delay loop... 203.16 BogoMIPS (lpj=1015808)
[    0.070302] pid_max: default: 32768 minimum: 301
[    0.070606] Mount-cache hash table entries: 1024 (order: 0, 4096 bytes)
[    0.070688] Mountpoint-cache hash table entries: 1024 (order: 0, 4096 bytes)
[    0.072355] CPU: Testing write buffer coherency: ok
[    0.074441] Setting up static identity map for 0x80100000 - 0x8010003c
[    0.076906] devtmpfs: initialized
[    0.091664] clocksource: jiffies: mask: 0xffffffff max_cycles: 0xffffffff, max_idle_ns: 19112604462750000 ns
[    0.091841] futex hash table entries: 256 (order: -1, 3072 bytes)
[    0.092032] pinctrl core: initialized pinctrl subsystem
[    0.094928] NET: Registered protocol family 16
[    0.097163] DMA: preallocated 256 KiB pool for atomic coherent allocations
[    0.102101] cpuidle: using governor menu
[    0.135259] clocksource: Switched to clocksource timer
[    0.190209] NET: Registered protocol family 2
[    0.193822] tcp_listen_portaddr_hash hash table entries: 512 (order: 0, 4096 bytes)
[    0.193996] TCP established hash table entries: 1024 (order: 0, 4096 bytes)
[    0.194104] TCP bind hash table entries: 1024 (order: 0, 4096 bytes)
[    0.194206] TCP: Hash tables configured (established 1024 bind 1024)
[    0.194570] UDP hash table entries: 256 (order: 0, 4096 bytes)
[    0.194704] UDP-Lite hash table entries: 256 (order: 0, 4096 bytes)
[    0.195142] NET: Registered protocol family 1
[    0.200930] workingset: timestamp_bits=30 max_order=13 bucket_order=0
[    0.202557] squashfs: version 4.0 (2009/01/31) Phillip Lougher
[    0.256020] suniv-f1c100s-pinctrl 1c20800.pinctrl: initialized sunXi PIO driver
[    0.769709] Serial: 8250/16550 driver, 8 ports, IRQ sharing disabled
[    0.796762] suniv-f1c100s-pinctrl 1c20800.pinctrl: 1c20800.pinctrl supply vcc-pe not found, using dummy regulator
[    0.804612] printk: console [ttyS0] disabled
[    0.824967] 1c25000.serial: ttyS0 at MMIO 0x1c25000 (irq = 22, base_baud = 6250000) is a 16550A
[    1.123605] printk: console [ttyS0] enabled
[    1.133306] suniv-f1c100s-pinctrl 1c20800.pinctrl: 1c20800.pinctrl supply vcc-pc not found, using dummy regulator
[    1.160534] sunxi-wdt 1c20ca0.watchdog: Watchdog enabled (timeout=16 sec, nowayout=0)
[    1.173546] suniv-f1c100s-pinctrl 1c20800.pinctrl: 1c20800.pinctrl supply vcc-pf not found, using dummy regulator
[    1.218178] sunxi-mmc 1c0f000.mmc: initialized, max. request size: 16384 KB
[    1.226895] NET: Registered protocol family 10
[    1.240440] Segment Routing with IPv6
[    1.247599] sit: IPv6, IPv4 and MPLS over IPv4 tunneling driver
[    1.360566] Waiting for root device /dev/mmcblk0p2...
[    1.396014] mmc0: host does not support reading read-only switch, assuming write-enable
[    1.407435] mmc0: new high speed SDHC card at address e624
[    1.421323] mmcblk0: mmc0:e624 SA08G 7.40 GiB 
[    1.432992]  mmcblk0: p1 p2 p3
[    1.472118] VFS: Mounted root (squashfs filesystem) readonly on device 179:2.
[    1.487979] devtmpfs: mounted
[    1.497595] Freeing unused kernel memory: 1024K
[    1.502311] Run /sbin/init as init process
[    1.742873] erlinit: Starting erlinit 1.5.3...
[    1.747979] erlinit: cmdline argc=1, merged argc=19
[    1.753263] erlinit: merged argv[0]=/sbin/init
[    1.758292] erlinit: merged argv[1]=-v
[    1.762431] erlinit: merged argv[2]=-c
[    1.766751] erlinit: merged argv[3]=ttyS0
[    1.771155] erlinit: merged argv[4]=--warn-unused-tty
[    1.776779] erlinit: merged argv[5]=--run-on-exit
[    1.781866] erlinit: merged argv[6]=/bin/sh
[    1.786615] erlinit: merged argv[7]=-e
[    1.790767] erlinit: merged argv[8]=LANG=en_US.UTF-8;LANGUAGE=en;ERL_INETRC=/etc/erl_inetrc;ERL_CRASH_DUMP=/root/crash.dump
[    1.802488] erlinit: merged argv[9]=-m
[    1.806820] erlinit: merged argv[10]=/dev/mmcblk0p1:/boot:vfat:ro,nodev,noexec,nosuid:
[    1.815142] erlinit: merged argv[11]=-m
[    1.819555] erlinit: merged argv[12]=/dev/mmcblk0p3:/root:ext4:nodev:
[    1.826573] erlinit: merged argv[13]=-m
[    1.830798] erlinit: merged argv[14]=configfs:/sys/kernel/config:configfs:nodev,noexec,nosuid:
[    1.839994] erlinit: merged argv[15]=-r
[    1.844221] erlinit: merged argv[16]=/srv/erlang
[    1.849406] erlinit: merged argv[17]=--boot
[    1.853979] erlinit: merged argv[18]=shoehorn
[    1.892197] erlinit: set_ctty
[    1.907323] random: fast init done
[    1.967179] EXT4-fs (mmcblk0p3): VFS: Can't find ext4 filesystem
[    1.974182] erlinit: Cannot mount /dev/mmcblk0p3 at /root: Invalid argument
[    1.983196] erlinit: find_release
[    2.009683] erlinit: Using release in /srv/erlang/releases/0.1.0.
[    2.016417] erlinit: find_sys_config
[    2.023742] erlinit: find_vm_args
[    2.027899] erlinit: find_boot_path
[    2.039583] erlinit: find_erts_directory
[    2.044234] erlinit: setup_environment
[    2.048709] erlinit: setup_networking
[    2.061290] erlinit: configure_hostname
[    2.065928] erlinit: /etc/hostname not found
[    2.070595] erlinit: warn_unused_tty
[    2.076668] erlinit: Env: 'HOME=/root'
[    2.080841] erlinit: Env: 'TERM=vt100'
[    2.084959] erlinit: Env: 'PATH=/usr/sbin:/usr/bin:/sbin:/bin'
[    2.091391] erlinit: Env: 'ROOTDIR=/srv/erlang'
[    2.096505] erlinit: Env: 'BINDIR=/usr/lib/erlang/erts-10.5.6/bin'
[    2.103064] erlinit: Env: 'EMU=beam'
[    2.107209] erlinit: Env: 'PROGNAME=erlexec'
[    2.111862] erlinit: Env: 'LANG=en_US.UTF-8'
[    2.116694] erlinit: Env: 'LANGUAGE=en'
[    2.120903] erlinit: Env: 'ERL_INETRC=/etc/erl_inetrc'
[    2.126608] erlinit: Env: 'ERL_CRASH_DUMP=/root/crash.dump'
[    2.132561] erlinit: Arg: 'erlexec'
[    2.136609] erlinit: Arg: '-config'
[    2.140478] erlinit: Arg: '/srv/erlang/releases/0.1.0/sys.config'
[    2.147135] erlinit: Arg: '-boot'
[    2.150834] erlinit: Arg: '/srv/erlang/releases/0.1.0/shoehorn'
[    2.157316] erlinit: Arg: '-args_file'
[    2.161454] erlinit: Arg: '/srv/erlang/releases/0.1.0/vm.args'
[    2.167856] erlinit: Arg: '-boot_var'
[    2.171901] erlinit: Arg: 'RELEASE_LIB'
[    2.176318] erlinit: Arg: '/srv/erlang/lib'
[    2.180868] erlinit: Launching erl...
[  105.575497] random: crng init done
